// Jest Snapshot v1, https://goo.gl/fbAQLP

exports[`Tests on <GifGridItem/> Show the component 1`] = `
<div
  className="card animate__animated animate__fadeIn"
>
  <img
    alt="Gif Title"
    src="http://localhost/mygif.gif"
  />
  <p>
    Gif Title
  </p>
</div>
`;
