// Jest Snapshot v1, https://goo.gl/fbAQLP

exports[`Tests on <GifGrid/> Component must show correctly 1`] = `
<Fragment>
  <h3>
    Hello
  </h3>
  <p>
    Loading...
  </p>
  <div
    className="card-grid"
  />
</Fragment>
`;
